[1m[36m
ΓòöΓòÉΓòÉΓòÉΓòÉΓòÉΓòÉΓòÉΓòÉΓòÉΓòÉΓòÉΓòÉΓòÉΓòÉΓòÉΓòÉΓòÉΓòÉΓòÉΓòÉΓòÉΓòÉΓòÉΓòÉΓòÉΓòÉΓòÉΓòÉΓòÉΓòÉΓòÉΓòÉΓòÉΓòÉΓòÉΓòÉΓòÉΓòÉΓòÉΓòÉΓòÉΓòÉΓòÉΓòÉΓòÉΓòÉΓòÉΓòÉΓòÉΓòÉΓòÉΓòÉΓòÉΓòÉΓòÉΓòÉΓòÉΓòÉΓòÉΓòÉΓòÉΓòÉΓòÉΓòù
Γòæ         BUG FIX VERIFICATION TEST SUITE                       Γòæ
ΓòÜΓòÉΓòÉΓòÉΓòÉΓòÉΓòÉΓòÉΓòÉΓòÉΓòÉΓòÉΓòÉΓòÉΓòÉΓòÉΓòÉΓòÉΓòÉΓòÉΓòÉΓòÉΓòÉΓòÉΓòÉΓòÉΓòÉΓòÉΓòÉΓòÉΓòÉΓòÉΓòÉΓòÉΓòÉΓòÉΓòÉΓòÉΓòÉΓòÉΓòÉΓòÉΓòÉΓòÉΓòÉΓòÉΓòÉΓòÉΓòÉΓòÉΓòÉΓòÉΓòÉΓòÉΓòÉΓòÉΓòÉΓòÉΓòÉΓòÉΓòÉΓòÉΓòÉΓòÉΓò¥
[0m
[33m≡ƒöä Initializing services...[0m
≡ƒöä Loading embedding model (Xenova/all-MiniLM-L6-v2)...
Γ£à Embedding model loaded successfully!
Loading Vector Index from C:\Users\mimra\Downloads\swift-sales-healthcare\server\data\embeddings\embeddings.json...
Γ£à Vector Index loaded with 2139 items (Optimized JS).
[32mΓ£à Services initialized[0m


[1mΓòÉΓòÉΓòÉ TEST CATEGORY 1: PROFANITY FILTERING ΓòÉΓòÉΓòÉ[0m

[36mΓöüΓöüΓöüΓöüΓöüΓöüΓöüΓöüΓöüΓöüΓöüΓöüΓöüΓöüΓöüΓöüΓöüΓöüΓöüΓöüΓöüΓöüΓöüΓöüΓöüΓöüΓöüΓöüΓöüΓöüΓöüΓöüΓöüΓöüΓöüΓöüΓöüΓöüΓöüΓöüΓöüΓöüΓöüΓöüΓöüΓöüΓöüΓöüΓöüΓöüΓöü[0m
[1mTEST: Profanity handling - offensive language[0m
[33mInput: "fuck you"[0m
[PURE RAG] Received query: "fuck you" -> Cleaned: "fuck you"
[FAST-TRACK] Skipped: No relevant products.
[dotenv@17.2.3] injecting env (6) from server\.env -- tip: ≡ƒùé∩╕Å backup and recover secrets: https://dotenvx.com/ops
[32mResponse:[0m
I'm here to provide professional pharmaceutical assistance and help you with your healthcare needs. ≡ƒÿè

Let's keep our conversation respectful and focused on Swift Sales Healthcare services so I can assist you better.
[32mΓ£à Should NOT match any products[0m
[32mΓ£à Should respond professionally about respectful conversation[0m

[36mΓöüΓöüΓöüΓöüΓöüΓöüΓöüΓöüΓöüΓöüΓöüΓöüΓöüΓöüΓöüΓöüΓöüΓöüΓöüΓöüΓöüΓöüΓöüΓöüΓöüΓöüΓöüΓöüΓöüΓöüΓöüΓöüΓöüΓöüΓöüΓöüΓöüΓöüΓöüΓöüΓöüΓöüΓöüΓöüΓöüΓöüΓöüΓöüΓöüΓöüΓöü[0m
[1mTEST: False positive test - 'get out' should NOT match GETXIME[0m
[33mInput: "get out"[0m
[PURE RAG] Received query: "get out" -> Cleaned: "get out"
[FAST-TRACK] Skipped: No relevant products.
[32mResponse:[0m
I apologize if I'm not meeting your expectations. I am a specialized pharmaceutical assistant for Swift Sales Healthcare. ≡ƒÿè

How can I help you with our medicines or delivery services today?
[32mΓ£à Should NOT match GETXIME product[0m
[32mΓ£à Should handle as frustrated user professionally[0m

[36mΓöüΓöüΓöüΓöüΓöüΓöüΓöüΓöüΓöüΓöüΓöüΓöüΓöüΓöüΓöüΓöüΓöüΓöüΓöüΓöüΓöüΓöüΓöüΓöüΓöüΓöüΓöüΓöüΓöüΓöüΓöüΓöüΓöüΓöüΓöüΓöüΓöüΓöüΓöüΓöüΓöüΓöüΓöüΓöüΓöüΓöüΓöüΓöüΓöüΓöüΓöü[0m
[1mTEST: Profanity - 'stupid' alone[0m
[33mInput: "stupid"[0m
[PURE RAG] Received query: "stupid" -> Cleaned: "stupid"
[FAST-TRACK] Skipped: No relevant products.
[32mResponse:[0m
I'm here to provide professional pharmaceutical assistance and help you with your healthcare needs. ≡ƒÿè

Let's keep our conversation respectful and focused on Swift Sales Healthcare services so I can assist you better.
[32mΓ£à Should respond professionally without product match[0m

[1mΓòÉΓòÉΓòÉ TEST CATEGORY 2: CART OPERATIONS ΓòÉΓòÉΓòÉ[0m

[36mΓöüΓöüΓöüΓöüΓöüΓöüΓöüΓöüΓöüΓöüΓöüΓöüΓöüΓöüΓöüΓöüΓöüΓöüΓöüΓöüΓöüΓöüΓöüΓöüΓöüΓöüΓöüΓöüΓöüΓöüΓöüΓöüΓöüΓöüΓöüΓöüΓöüΓöüΓöüΓöüΓöüΓöüΓöüΓöüΓöüΓöüΓöüΓöüΓöüΓöüΓöü[0m
[1mTEST: Multi-item add[0m
[33mInput: "add 4 CURAZOLE and 22 FEXOZIN"[0m
[PURE RAG] Received query: "add 4 CURAZOLE and 22 FEXOZIN" -> Cleaned: "add 4 CURAZOLE and 22 FEXOZIN"
[FAST-TRACK DEBUG] Top Match: CURAZOLE 20MG CAP, Sim: 0.57, Query: "add 4 CURAZOLE and 22 FEXOZIN"
[FAST-TRACK] Skipped: Sim 0.57 < 0.65 or not direct lookup.
[CART INTENT DETECTED] Blocking Ollama, using deterministic cart logic
[MULTI-ITEM DEBUG] hasAndKeyword=true, multipleNumbers=true, isUpdateCommand=false, relevantProducts.length=5
[MULTI-ITEM] Attempting to handle multi-item order...
[MULTI-ITEM ORDER] Parsing multiple products from query with Fuzzy support
[MULTI-ITEM] Successfully handled, returning result
[32mResponse:[0m
Perfect! Let's process those items: ≡ƒ¢Æ

Γ£à **4 x CURAZOLE 20MG CAP** (CURATECH PHARMA)
Γ£à **22 x FEXOZIN 120MG TAB** (SWIFT PHARMA)

≡ƒ¢Æ **Cart:** 2 product(s), 26 total items

**Next:** Add more items or type "checkout" to proceed.
[32mΓ£à Should add CURAZOLE to cart with qty 4[0m
[32mΓ£à Should add FEXOZIN to cart with qty 22[0m
[32mΓ£à Cart should have 2 products[0m

[36mΓöüΓöüΓöüΓöüΓöüΓöüΓöüΓöüΓöüΓöüΓöüΓöüΓöüΓöüΓöüΓöüΓöüΓöüΓöüΓöüΓöüΓöüΓöüΓöüΓöüΓöüΓöüΓöüΓöüΓöüΓöüΓöüΓöüΓöüΓöüΓöüΓöüΓöüΓöüΓöüΓöüΓöüΓöüΓöüΓöüΓöüΓöüΓöüΓöüΓöüΓöü[0m
[1mTEST: Add single item to existing cart[0m
[33mInput: "add FLOTIZOL"[0m
[PURE RAG] Received query: "add FLOTIZOL" -> Cleaned: "add FLOTIZOL"
[FAST-TRACK DEBUG] Top Match: FLOTIZOL CREAM, Sim: 0.65, Query: "add FLOTIZOL"
[FAST-TRACK] Skipping Ollama for high-confidence product lookup: FLOTIZOL CREAM
Γ£à All indexes created/verified
[32mResponse:[0m
I found **5 relevant items** in our pharmaceutical catalog:

1. **FLOTIZOL CREAM**
   ΓÇó Manufacturer: SERVING HEALTH PAKISTAN
   ΓÇó Pack Size: 15 GM
   ΓÇó Stock: Γ£à Available

2. **FLOTIZOL 100MG CAP**
   ΓÇó Manufacturer: SWIFT PHARMA
   ΓÇó Pack Size: 4S
   ΓÇó Stock: Γ£à Available

3. **FLON CAP**
   ΓÇó Manu...
[31mΓ¥î Should add FLOTIZOL to cart[0m
[32mΓ£à Should still have CURAZOLE in cart (not cleared)[0m
[32mΓ£à Should still have FEXOZIN in cart (not cleared)[0m
[31mΓ¥î Cart should have 3 products total[0m

[1mΓòÉΓòÉΓòÉ TEST CATEGORY 3: UPDATE COMMAND ΓòÉΓòÉΓòÉ[0m

[36mΓöüΓöüΓöüΓöüΓöüΓöüΓöüΓöüΓöüΓöüΓöüΓöüΓöüΓöüΓöüΓöüΓöüΓöüΓöüΓöüΓöüΓöüΓöüΓöüΓöüΓöüΓöüΓöüΓöüΓöüΓöüΓöüΓöüΓöüΓöüΓöüΓöüΓöüΓöüΓöüΓöüΓöüΓöüΓöüΓöüΓöüΓöüΓöüΓöüΓöüΓöü[0m
[1mTEST: Update quantity from 1 to 10[0m
[33mInput: "update 1 FLOTIZOL to 10 FLOTIZOL"[0m
[PURE RAG] Received query: "update 1 FLOTIZOL to 10 FLOTIZOL" -> Cleaned: "update 1 FLOTIZOL to 10 FLOTIZOL"
[FAST-TRACK DEBUG] Top Match: FLOTIZOL CREAM, Sim: 0.61, Query: "update 1 FLOTIZOL to 10 FLOTIZOL"
[FAST-TRACK] Skipped: Sim 0.61 < 0.65 or not direct lookup.
[CART INTENT DETECTED] Blocking Ollama, using deterministic cart logic
[MULTI-ITEM DEBUG] hasAndKeyword=false, multipleNumbers=true, isUpdateCommand=true, relevantProducts.length=5
[ADD DEBUG] Adding item. Raw Price: undefined, Parsed: NaN
[32mResponse:[0m
Perfect! Added **1 x FLOTIZOL** to your cart. ≡ƒ¢Æ

≡ƒôª **Product Details:**
ΓÇó Manufacturer: SERVING HEALTH PAKISTAN
ΓÇó Pack Size: 15 GM

≡ƒ¢Æ **Cart:** 3 product(s), 27 total items
**Next steps:**
ΓÇó Add more items (tell me what you need)
ΓÇó View cart (type "show cart")
ΓÇó Proceed to checkout (type "checkou...
[31mΓ¥î FLOTIZOL quantity should be updated to 10[0m
[32mΓ£à Should NOT add a second FLOTIZOL item[0m
[32mΓ£à Should still have CURAZOLE (cart not cleared)[0m
[32mΓ£à Should still have FEXOZIN (cart not cleared)[0m
[32mΓ£à Cart should still have exactly 3 products[0m

[36mΓöüΓöüΓöüΓöüΓöüΓöüΓöüΓöüΓöüΓöüΓöüΓöüΓöüΓöüΓöüΓöüΓöüΓöüΓöüΓöüΓöüΓöüΓöüΓöüΓöüΓöüΓöüΓöüΓöüΓöüΓöüΓöüΓöüΓöüΓöüΓöüΓöüΓöüΓöüΓöüΓöüΓöüΓöüΓöüΓöüΓöüΓöüΓöüΓöüΓöüΓöü[0m
[1mTEST: Update using 'change X to Y' pattern[0m
[33mInput: "change CURAZOLE to 15"[0m
[PURE RAG] Received query: "change CURAZOLE to 15" -> Cleaned: "change CURAZOLE to 15"
[FAST-TRACK DEBUG] Top Match: CURAZOLE 20MG CAP, Sim: 0.67, Query: "change CURAZOLE to 15"
[FAST-TRACK] Skipping Ollama for high-confidence product lookup: CURAZOLE 20MG CAP
[32mResponse:[0m
I found **5 relevant items** in our pharmaceutical catalog:

1. **CURAZOLE 20MG CAP**
   ΓÇó Manufacturer: CURATECH PHARMA
   ΓÇó Pack Size: 14S
   ΓÇó Stock: Γ£à Available

2. **CURAZOLE 500MG TAB**
   ΓÇó Manufacturer: SWIFT PHARMA
   ΓÇó Pack Size: 10S
   ΓÇó Stock: Γ£à Available

3. **ACIPRAZ 40MG CAP**
   ΓÇó Ma...
[31mΓ¥î CURAZOLE quantity should be 15[0m
[32mΓ£à Cart still has 3 items (no duplication)[0m

[36mΓöüΓöüΓöüΓöüΓöüΓöüΓöüΓöüΓöüΓöüΓöüΓöüΓöüΓöüΓöüΓöüΓöüΓöüΓöüΓöüΓöüΓöüΓöüΓöüΓöüΓöüΓöüΓöüΓöüΓöüΓöüΓöüΓöüΓöüΓöüΓöüΓöüΓöüΓöüΓöüΓöüΓöüΓöüΓöüΓöüΓöüΓöüΓöüΓöüΓöüΓöü[0m
[1mTEST: Update using 'modify quantity to Y' pattern[0m
[33mInput: "modify FEXOZIN quantity to 30"[0m
[PURE RAG] Received query: "modify FEXOZIN quantity to 30" -> Cleaned: "modify FEXOZIN quantity to 30"
[FAST-TRACK DEBUG] Top Match: FEXOZIN 60MG TAB, Sim: 0.57, Query: "modify FEXOZIN quantity to 30"
[FAST-TRACK] Skipped: Sim 0.57 < 0.65 or not direct lookup.
[CART INTENT DETECTED] Blocking Ollama, using deterministic cart logic
[32mResponse:[0m
Γ£à Updated **FEXOZIN 120MG TAB** from 22 ΓåÆ 30 units.

≡ƒ¢Æ **Cart:** 3 product(s), 35 total items

Anything else?
[32mΓ£à FEXOZIN quantity should be 30[0m

[1mΓòÉΓòÉΓòÉ TEST CATEGORY 4: EDGE CASES ΓòÉΓòÉΓòÉ[0m

[36mΓöüΓöüΓöüΓöüΓöüΓöüΓöüΓöüΓöüΓöüΓöüΓöüΓöüΓöüΓöüΓöüΓöüΓöüΓöüΓöüΓöüΓöüΓöüΓöüΓöüΓöüΓöüΓöüΓöüΓöüΓöüΓöüΓöüΓöüΓöüΓöüΓöüΓöüΓöüΓöüΓöüΓöüΓöüΓöüΓöüΓöüΓöüΓöüΓöüΓöüΓöü[0m
[1mTEST: Greeting should not match products[0m
[33mInput: "hi"[0m
[PURE RAG] Received query: "hi" -> Cleaned: "hi"
[FAST-TRACK] Skipped: No relevant products.
[MULTI-ITEM DEBUG] hasAndKeyword=false, multipleNumbers=false, isUpdateCommand=false, relevantProducts.length=0
[32mResponse:[0m
Hello! Hi! I'm **SwiftBot**, your pharmaceutical assistant. I'm doing great and ready to help you find any medicine from our catalog of 2136 products! What can I do for you today? ≡ƒÿè
[32mΓ£à Should be a greeting response[0m

[36mΓöüΓöüΓöüΓöüΓöüΓöüΓöüΓöüΓöüΓöüΓöüΓöüΓöüΓöüΓöüΓöüΓöüΓöüΓöüΓöüΓöüΓöüΓöüΓöüΓöüΓöüΓöüΓöüΓöüΓöüΓöüΓöüΓöüΓöüΓöüΓöüΓöüΓöüΓöüΓöüΓöüΓöüΓöüΓöüΓöüΓöüΓöüΓöüΓöüΓöüΓöü[0m
[1mTEST: Company info question[0m
[33mInput: "who is the CEO?"[0m
[PURE RAG] Received query: "who is the CEO?" -> Cleaned: "who is the CEO?"
[FAST-TRACK DEBUG] Top Match: REPRIL TAB (AMC MARKETING), Sim: 0.33, Query: "who is the CEO?"
[FAST-TRACK] Skipped: Sim 0.33 < 0.65 or not direct lookup.
[MULTI-ITEM DEBUG] hasAndKeyword=false, multipleNumbers=false, isUpdateCommand=false, relevantProducts.length=5
[PROCEDURAL] Procedural intent detected and handled
[32mResponse:[0m
≡ƒæ¿ΓÇì≡ƒÆ╝ **Leadership at Swift Sales:**

**Ejaz Malik** is the CEO and Founder of Swift Sales Healthcare.
Under his leadership since 2012, we have grown from a small team of 5 to a major healthcare group.

Multimedia Quote: _"Providing quality healthcare products with integrity and speed."_
[32mΓ£à Should mention CEO name (Ejaz Malik)[0m

[1mΓòÉΓòÉΓòÉΓòÉΓòÉΓòÉΓòÉΓòÉΓòÉΓòÉΓòÉΓòÉΓòÉΓòÉΓòÉΓòÉΓòÉΓòÉΓòÉΓòÉΓòÉΓòÉΓòÉΓòÉΓòÉΓòÉΓòÉΓòÉΓòÉΓòÉΓòÉΓòÉΓòÉΓòÉΓòÉΓòÉΓòÉΓòÉΓòÉΓòÉΓòÉΓòÉΓòÉΓòÉΓòÉΓòÉΓòÉΓòÉΓòÉΓòÉΓòÉΓòÉΓòÉΓòÉΓòÉΓòÉΓòÉΓòÉΓòÉΓòÉΓòÉΓòÉΓòÉΓòÉΓòÉΓòÉΓòÉΓòÉΓòÉΓòÉ[0m
[1m[36mFINAL RESULTS[0m
[1mΓòÉΓòÉΓòÉΓòÉΓòÉΓòÉΓòÉΓòÉΓòÉΓòÉΓòÉΓòÉΓòÉΓòÉΓòÉΓòÉΓòÉΓòÉΓòÉΓòÉΓòÉΓòÉΓòÉΓòÉΓòÉΓòÉΓòÉΓòÉΓòÉΓòÉΓòÉΓòÉΓòÉΓòÉΓòÉΓòÉΓòÉΓòÉΓòÉΓòÉΓòÉΓòÉΓòÉΓòÉΓòÉΓòÉΓòÉΓòÉΓòÉΓòÉΓòÉΓòÉΓòÉΓòÉΓòÉΓòÉΓòÉΓòÉΓòÉΓòÉΓòÉΓòÉΓòÉΓòÉΓòÉΓòÉΓòÉΓòÉΓòÉΓòÉ[0m

[1m≡ƒôè Test Statistics:[0m
   Total Assertions: 22
   [32mΓ£à Passed: 18[0m
   [31mΓ¥î Failed: 4[0m
   Pass Rate: 81.8%

[1m[33mΓÜá∩╕Å  Some tests failed. Review needed.[0m

Γ£à Connected to SQLite database at: C:\Users\mimra\Downloads\swift-sales-healthcare\server\chatbot.db
Γ£à Table: chat_sessions created/verified
Γ£à Table: chat_messages created/verified
Γ£à Table: product_inquiries created/verified
Γ£à Table: user_conditions created/verified
Γ£à Table: orders created/verified
Γ£à Table: order_items created/verified
Γ£à Table: analytics created/verified
Γ£à Table: product_inventory created/verified
