[1m[36m
ΓòöΓòÉΓòÉΓòÉΓòÉΓòÉΓòÉΓòÉΓòÉΓòÉΓòÉΓòÉΓòÉΓòÉΓòÉΓòÉΓòÉΓòÉΓòÉΓòÉΓòÉΓòÉΓòÉΓòÉΓòÉΓòÉΓòÉΓòÉΓòÉΓòÉΓòÉΓòÉΓòÉΓòÉΓòÉΓòÉΓòÉΓòÉΓòÉΓòÉΓòÉΓòÉΓòÉΓòÉΓòÉΓòÉΓòÉΓòÉΓòÉΓòÉΓòÉΓòÉΓòÉΓòÉΓòÉΓòÉΓòÉΓòÉΓòÉΓòÉΓòÉΓòÉΓòÉΓòÉΓòù
Γòæ         BUG FIX VERIFICATION TEST SUITE                       Γòæ
ΓòÜΓòÉΓòÉΓòÉΓòÉΓòÉΓòÉΓòÉΓòÉΓòÉΓòÉΓòÉΓòÉΓòÉΓòÉΓòÉΓòÉΓòÉΓòÉΓòÉΓòÉΓòÉΓòÉΓòÉΓòÉΓòÉΓòÉΓòÉΓòÉΓòÉΓòÉΓòÉΓòÉΓòÉΓòÉΓòÉΓòÉΓòÉΓòÉΓòÉΓòÉΓòÉΓòÉΓòÉΓòÉΓòÉΓòÉΓòÉΓòÉΓòÉΓòÉΓòÉΓòÉΓòÉΓòÉΓòÉΓòÉΓòÉΓòÉΓòÉΓòÉΓòÉΓòÉΓòÉΓò¥
[0m
[33m≡ƒöä Initializing services...[0m
≡ƒöä Loading embedding model (Xenova/all-MiniLM-L6-v2)...
Γ£à Embedding model loaded successfully!
[32mΓ£à Services initialized[0m


[1mΓòÉΓòÉΓòÉ TEST CATEGORY 1: PROFANITY FILTERING ΓòÉΓòÉΓòÉ[0m

[36mΓöüΓöüΓöüΓöüΓöüΓöüΓöüΓöüΓöüΓöüΓöüΓöüΓöüΓöüΓöüΓöüΓöüΓöüΓöüΓöüΓöüΓöüΓöüΓöüΓöüΓöüΓöüΓöüΓöüΓöüΓöüΓöüΓöüΓöüΓöüΓöüΓöüΓöüΓöüΓöüΓöüΓöüΓöüΓöüΓöüΓöüΓöüΓöüΓöüΓöüΓöü[0m
[1mTEST: Profanity handling - offensive language[0m
[33mInput: "fuck you"[0m
[PURE RAG] Received query: "fuck you" -> Cleaned: "fuck you"
[FAST-TRACK] Skipped: No relevant products.
[dotenv@17.2.3] injecting env (6) from server\.env -- tip: ≡ƒöÉ prevent building .env in docker: https://dotenvx.com/prebuild
[32mResponse:[0m
I'm here to provide professional pharmaceutical assistance and help you with your healthcare needs. ≡ƒÿè

Let's keep our conversation respectful and focused on Swift Sales Healthcare services so I can assist you better.
[32mΓ£à Should NOT match any products[0m
[32mΓ£à Should respond professionally about respectful conversation[0m

[36mΓöüΓöüΓöüΓöüΓöüΓöüΓöüΓöüΓöüΓöüΓöüΓöüΓöüΓöüΓöüΓöüΓöüΓöüΓöüΓöüΓöüΓöüΓöüΓöüΓöüΓöüΓöüΓöüΓöüΓöüΓöüΓöüΓöüΓöüΓöüΓöüΓöüΓöüΓöüΓöüΓöüΓöüΓöüΓöüΓöüΓöüΓöüΓöüΓöüΓöüΓöü[0m
[1mTEST: False positive test - 'get out' should NOT match GETXIME[0m
[33mInput: "get out"[0m
[PURE RAG] Received query: "get out" -> Cleaned: "get out"
[FAST-TRACK] Skipped: No relevant products.
[32mResponse:[0m
I apologize if I'm not meeting your expectations. I am a specialized pharmaceutical assistant for Swift Sales Healthcare. ≡ƒÿè

How can I help you with our medicines or delivery services today?
[32mΓ£à Should NOT match GETXIME product[0m
[32mΓ£à Should handle as frustrated user professionally[0m

[36mΓöüΓöüΓöüΓöüΓöüΓöüΓöüΓöüΓöüΓöüΓöüΓöüΓöüΓöüΓöüΓöüΓöüΓöüΓöüΓöüΓöüΓöüΓöüΓöüΓöüΓöüΓöüΓöüΓöüΓöüΓöüΓöüΓöüΓöüΓöüΓöüΓöüΓöüΓöüΓöüΓöüΓöüΓöüΓöüΓöüΓöüΓöüΓöüΓöüΓöüΓöü[0m
[1mTEST: Profanity - 'stupid' alone[0m
[33mInput: "stupid"[0m
[PURE RAG] Received query: "stupid" -> Cleaned: "stupid"
[FAST-TRACK] Skipped: No relevant products.
[32mResponse:[0m
I'm here to provide professional pharmaceutical assistance and help you with your healthcare needs. ≡ƒÿè

Let's keep our conversation respectful and focused on Swift Sales Healthcare services so I can assist you better.
[32mΓ£à Should respond professionally without product match[0m

[1mΓòÉΓòÉΓòÉ TEST CATEGORY 2: CART OPERATIONS ΓòÉΓòÉΓòÉ[0m

[36mΓöüΓöüΓöüΓöüΓöüΓöüΓöüΓöüΓöüΓöüΓöüΓöüΓöüΓöüΓöüΓöüΓöüΓöüΓöüΓöüΓöüΓöüΓöüΓöüΓöüΓöüΓöüΓöüΓöüΓöüΓöüΓöüΓöüΓöüΓöüΓöüΓöüΓöüΓöüΓöüΓöüΓöüΓöüΓöüΓöüΓöüΓöüΓöüΓöüΓöüΓöü[0m
[1mTEST: Multi-item add[0m
[33mInput: "add 4 CURAZOLE and 22 FEXOZIN"[0m
[PURE RAG] Received query: "add 4 CURAZOLE and 22 FEXOZIN" -> Cleaned: "add 4 CURAZOLE and 22 FEXOZIN"
[FAST-TRACK] Skipped: No relevant products.
[CART INTENT DETECTED] Blocking Ollama, using deterministic cart logic
[MULTI-ITEM DEBUG] hasAndKeyword=true, multipleNumbers=true, isUpdateCommand=false, relevantProducts.length=0
[MULTI-ITEM] Attempting to handle multi-item order...
[MULTI-ITEM ORDER] Parsing multiple products from query with Fuzzy support
[MULTI-ITEM] Successfully handled, returning result
[32mResponse:[0m
Perfect! Let's process those items: ≡ƒ¢Æ

ΓÜá∩╕Å **Couldn't find these items:**
Γ¥î 4 x **CURAZOLE** (Not found)
Γ¥î 22 x **FEXOZIN** (Not found)

Please check the spelling or try searching for the product first. ≡ƒÿè

≡ƒ¢Æ **Cart:** Empty

**Next:** Add more items or type "checkout" to proceed.
[31mΓ¥î Should add CURAZOLE to cart with qty 4[0m
[31mΓ¥î Should add FEXOZIN to cart with qty 22[0m
[31mΓ¥î Cart should have 2 products[0m

[36mΓöüΓöüΓöüΓöüΓöüΓöüΓöüΓöüΓöüΓöüΓöüΓöüΓöüΓöüΓöüΓöüΓöüΓöüΓöüΓöüΓöüΓöüΓöüΓöüΓöüΓöüΓöüΓöüΓöüΓöüΓöüΓöüΓöüΓöüΓöüΓöüΓöüΓöüΓöüΓöüΓöüΓöüΓöüΓöüΓöüΓöüΓöüΓöüΓöüΓöüΓöü[0m
[1mTEST: Add single item to existing cart[0m
[33mInput: "add FLOTIZOL"[0m
[PURE RAG] Received query: "add FLOTIZOL" -> Cleaned: "add FLOTIZOL"
[FAST-TRACK] Skipped: No relevant products.
[MULTI-ITEM DEBUG] hasAndKeyword=false, multipleNumbers=false, isUpdateCommand=false, relevantProducts.length=0
[ADD INTENT] Detected add intent
[32mResponse:[0m
Added **FLOTIZOL** to your cart! ≡ƒ¢Æ

≡ƒ¢Æ **Cart:** 1 product(s), 1 total items
Want to add more items or specify quantity?
[32mΓ£à Should add FLOTIZOL to cart[0m
[31mΓ¥î Should still have CURAZOLE in cart (not cleared)[0m
[31mΓ¥î Should still have FEXOZIN in cart (not cleared)[0m
[31mΓ¥î Cart should have 3 products total[0m

[1mΓòÉΓòÉΓòÉ TEST CATEGORY 3: UPDATE COMMAND ΓòÉΓòÉΓòÉ[0m

[36mΓöüΓöüΓöüΓöüΓöüΓöüΓöüΓöüΓöüΓöüΓöüΓöüΓöüΓöüΓöüΓöüΓöüΓöüΓöüΓöüΓöüΓöüΓöüΓöüΓöüΓöüΓöüΓöüΓöüΓöüΓöüΓöüΓöüΓöüΓöüΓöüΓöüΓöüΓöüΓöüΓöüΓöüΓöüΓöüΓöüΓöüΓöüΓöüΓöüΓöüΓöü[0m
[1mTEST: Update quantity from 1 to 10[0m
[33mInput: "update 1 FLOTIZOL to 10 FLOTIZOL"[0m
[PURE RAG] Received query: "update 1 FLOTIZOL to 10 FLOTIZOL" -> Cleaned: "update 1 FLOTIZOL to 10 FLOTIZOL"
[FAST-TRACK] Skipped: No relevant products.
[CART INTENT DETECTED] Blocking Ollama, using deterministic cart logic
[32mResponse:[0m
Γ£à Updated **FLOTIZOL** from 1 ΓåÆ 10 units.

≡ƒ¢Æ **Cart:** 1 product(s), 10 total items

Anything else?
[32mΓ£à FLOTIZOL quantity should be updated to 10[0m
[32mΓ£à Should NOT add a second FLOTIZOL item[0m
[31mΓ¥î Should still have CURAZOLE (cart not cleared)[0m
[31mΓ¥î Should still have FEXOZIN (cart not cleared)[0m
[31mΓ¥î Cart should still have exactly 3 products[0m

[36mΓöüΓöüΓöüΓöüΓöüΓöüΓöüΓöüΓöüΓöüΓöüΓöüΓöüΓöüΓöüΓöüΓöüΓöüΓöüΓöüΓöüΓöüΓöüΓöüΓöüΓöüΓöüΓöüΓöüΓöüΓöüΓöüΓöüΓöüΓöüΓöüΓöüΓöüΓöüΓöüΓöüΓöüΓöüΓöüΓöüΓöüΓöüΓöüΓöüΓöüΓöü[0m
[1mTEST: Update using 'change X to Y' pattern[0m
[33mInput: "change CURAZOLE to 15"[0m
[PURE RAG] Received query: "change CURAZOLE to 15" -> Cleaned: "change CURAZOLE to 15"
[FAST-TRACK] Skipped: No relevant products.
[PROCEDURAL FUZZY] Detected returns intent (score: 0.83)
[PROCEDURAL] Procedural intent detected and handled
[32mResponse:[0m
≡ƒöä **Return & Cancellation Policy:**

ΓÇó **Returns:** Accepted within 3 days if the product is damaged or incorrect.
ΓÇó **Conditions:** Item must be unused and in original packaging.
ΓÇó **Refunds:** Processed via bank transfer or JazzCash within 24-48 hours.
ΓÇó **Cancellation:** Order can be cancelled b...
[31mΓ¥î CURAZOLE quantity should be 15[0m
[31mΓ¥î Cart still has 3 items (no duplication)[0m

[36mΓöüΓöüΓöüΓöüΓöüΓöüΓöüΓöüΓöüΓöüΓöüΓöüΓöüΓöüΓöüΓöüΓöüΓöüΓöüΓöüΓöüΓöüΓöüΓöüΓöüΓöüΓöüΓöüΓöüΓöüΓöüΓöüΓöüΓöüΓöüΓöüΓöüΓöüΓöüΓöüΓöüΓöüΓöüΓöüΓöüΓöüΓöüΓöüΓöüΓöüΓöü[0m
[1mTEST: Update using 'modify quantity to Y' pattern[0m
[33mInput: "modify FEXOZIN quantity to 30"[0m
[PURE RAG] Received query: "modify FEXOZIN quantity to 30" -> Cleaned: "modify FEXOZIN quantity to 30"
[FAST-TRACK] Skipped: No relevant products.
[CART INTENT DETECTED] Blocking Ollama, using deterministic cart logic
[MULTI-ITEM DEBUG] hasAndKeyword=false, multipleNumbers=false, isUpdateCommand=true, relevantProducts.length=0
[RAG] Loading FAQ Vectors into memory...
[RAG] Loaded 2573 FAQ vectors.
[PURE RAG] Vector FAQ Match: "FOMEN 40MG TAB dosage" (Score: 0.46)
[32mResponse:[0m
**Dosage & Usage:**

The dosage for **FOMEN 40MG TAB** depends on age, weight, and medical condition. Please consult the package insert or speak with our pharmacist for personalized dosage recommendations. Never exceed the recommended dose.
[31mΓ¥î FEXOZIN quantity should be 30[0m

[1mΓòÉΓòÉΓòÉ TEST CATEGORY 4: EDGE CASES ΓòÉΓòÉΓòÉ[0m

[36mΓöüΓöüΓöüΓöüΓöüΓöüΓöüΓöüΓöüΓöüΓöüΓöüΓöüΓöüΓöüΓöüΓöüΓöüΓöüΓöüΓöüΓöüΓöüΓöüΓöüΓöüΓöüΓöüΓöüΓöüΓöüΓöüΓöüΓöüΓöüΓöüΓöüΓöüΓöüΓöüΓöüΓöüΓöüΓöüΓöüΓöüΓöüΓöüΓöüΓöüΓöü[0m
[1mTEST: Greeting should not match products[0m
[33mInput: "hi"[0m
[PURE RAG] Received query: "hi" -> Cleaned: "hi"
[FAST-TRACK] Skipped: No relevant products.
[MULTI-ITEM DEBUG] hasAndKeyword=false, multipleNumbers=false, isUpdateCommand=false, relevantProducts.length=0
[32mResponse:[0m
Hello! Hi! I'm **SwiftBot**, your pharmaceutical assistant. I'm doing great and ready to help you find any medicine from our catalog of 2136 products! What can I do for you today? ≡ƒÿè
[32mΓ£à Should be a greeting response[0m

[36mΓöüΓöüΓöüΓöüΓöüΓöüΓöüΓöüΓöüΓöüΓöüΓöüΓöüΓöüΓöüΓöüΓöüΓöüΓöüΓöüΓöüΓöüΓöüΓöüΓöüΓöüΓöüΓöüΓöüΓöüΓöüΓöüΓöüΓöüΓöüΓöüΓöüΓöüΓöüΓöüΓöüΓöüΓöüΓöüΓöüΓöüΓöüΓöüΓöüΓöüΓöü[0m
[1mTEST: Company info question[0m
[33mInput: "who is the CEO?"[0m
[PURE RAG] Received query: "who is the CEO?" -> Cleaned: "who is the CEO?"
[FAST-TRACK] Skipped: No relevant products.
[PROCEDURAL] Procedural intent detected and handled
[32mResponse:[0m
≡ƒæ¿ΓÇì≡ƒÆ╝ **Leadership at Swift Sales:**

**Ejaz Malik** is the CEO and Founder of Swift Sales Healthcare.
Under his leadership since 2012, we have grown from a small team of 5 to a major healthcare group.

Multimedia Quote: _"Providing quality healthcare products with integrity and speed."_
[32mΓ£à Should mention CEO name (Ejaz Malik)[0m

[1mΓòÉΓòÉΓòÉΓòÉΓòÉΓòÉΓòÉΓòÉΓòÉΓòÉΓòÉΓòÉΓòÉΓòÉΓòÉΓòÉΓòÉΓòÉΓòÉΓòÉΓòÉΓòÉΓòÉΓòÉΓòÉΓòÉΓòÉΓòÉΓòÉΓòÉΓòÉΓòÉΓòÉΓòÉΓòÉΓòÉΓòÉΓòÉΓòÉΓòÉΓòÉΓòÉΓòÉΓòÉΓòÉΓòÉΓòÉΓòÉΓòÉΓòÉΓòÉΓòÉΓòÉΓòÉΓòÉΓòÉΓòÉΓòÉΓòÉΓòÉΓòÉΓòÉΓòÉΓòÉΓòÉΓòÉΓòÉΓòÉΓòÉΓòÉ[0m
[1m[36mFINAL RESULTS[0m
[1mΓòÉΓòÉΓòÉΓòÉΓòÉΓòÉΓòÉΓòÉΓòÉΓòÉΓòÉΓòÉΓòÉΓòÉΓòÉΓòÉΓòÉΓòÉΓòÉΓòÉΓòÉΓòÉΓòÉΓòÉΓòÉΓòÉΓòÉΓòÉΓòÉΓòÉΓòÉΓòÉΓòÉΓòÉΓòÉΓòÉΓòÉΓòÉΓòÉΓòÉΓòÉΓòÉΓòÉΓòÉΓòÉΓòÉΓòÉΓòÉΓòÉΓòÉΓòÉΓòÉΓòÉΓòÉΓòÉΓòÉΓòÉΓòÉΓòÉΓòÉΓòÉΓòÉΓòÉΓòÉΓòÉΓòÉΓòÉΓòÉΓòÉΓòÉ[0m

[1m≡ƒôè Test Statistics:[0m
   Total Assertions: 22
   [32mΓ£à Passed: 10[0m
   [31mΓ¥î Failed: 12[0m
   Pass Rate: 45.5%

[1m[33mΓÜá∩╕Å  Some tests failed. Review needed.[0m

